Copyright 1986-2022 Xilinx, Inc. All Rights Reserved.
-----------------------------------------------------------------------------------------------------------------------------------
| Tool Version : Vivado v.2022.1 (win64) Build 3526262 Mon Aug 17 17:05:11 2026
| Host         : ZERO_BOOK_ULTRA running 64-bit major release  (build 9200)
| Command      : report_utilization -file zynqflow_bd_wrapper_utilization_placed.rpt -pb zynqflow_bd_wrapper_utilization_placed.pb
| Design       : zynqflow_bd_wrapper
| Device       : xc7z020clg484-1
| Speed File   : -1
| Design State : Fully Placed
-----------------------------------------------------------------------------------------------------------------------------------

Utilization Design Information

1. Slice Logic
--------------

+----------------------------+------+-------+------------+-----------+-------+
|          Site Type         | Used | Fixed | Prohibited | Available | Util% |
+----------------------------+------+-------+------------+-----------+-------+
| Slice LUTs                 | 3472 |     0 |          0 |     53200 |  6.53 |
|   LUT as Logic             | 3288 |     0 |          0 |     53200 |  6.18 |
|   LUT as Memory            |  184 |     0 |          0 |     17400 |  1.06 |
|     LUT as Distributed RAM |   18 |     0 |            |           |       |
|     LUT as Shift Register  |  166 |     0 |            |           |       |
| Slice Registers            | 4095 |     0 |          0 |    106400 |  3.85 |
|   Register as Flip Flop    | 4095 |     0 |          0 |    106400 |  3.85 |
|   Register as Latch        |    0 |     0 |          0 |    106400 |  0.00 |
| F7 Muxes                   |    5 |     0 |          0 |     26600 |  0.02 |
| F8 Muxes                   |    0 |     0 |          0 |     13300 |  0.00 |
+----------------------------+------+-------+------------+-----------+-------+

2. Memory
---------

+-------------------+------+-------+------------+-----------+-------+
|     Site Type     | Used | Fixed | Prohibited | Available | Util% |
+-------------------+------+-------+------------+-----------+-------+
| Block RAM Tile    |    3 |     0 |          0 |       140 |  2.14 |
|   RAMB36/FIFO     |    2 |     0 |          0 |       140 |  1.43 |
|   RAMB18          |    2 |     0 |          0 |       280 |  0.71 |
+-------------------+------+-------+------------+-----------+-------+

3. DSP
------

+-----------+------+-------+------------+-----------+-------+
| Site Type | Used | Fixed | Prohibited | Available | Util% |
+-----------+------+-------+------------+-----------+-------+
| DSPs      |    0 |     0 |          0 |       220 |  0.00 |
+-----------+------+-------+------------+-----------+-------+
